11:40:13 **** Incremental Build of project FPro_Bus_Hardware ****
buildplatform.bat 63014 FPro_Bus_Hardware no_domain_build 
XSDB Server Channel: tcfchan#8
11:40:16 **** Incremental Build of configuration Debug for project Vanilla_FPro_Bus ****
make all 
'Building file: ../src/main.c'
'Invoking: MicroBlaze gcc compiler'
mb-gcc -Wall -O0 -g3 -IC:/Users/klaze/Desktop/Vitis_Projects/Vitis_intro/FPro_Bus_Hardware/export/FPro_Bus_Hardware/sw/FPro_Bus_Hardware/standalone_microblaze_I/bspinclude/include -I"C:\Users\klaze\Desktop\Vitis_Projects\Vitis_intro\Vanilla_FPro_Bus\src\drivers\inc_drivers" -c -fmessage-length=0 -MT"src/main.o" -mno-xl-reorder -mlittle-endian -mcpu=v11.0 -mxl-soft-mul -Wl,--no-relax -ffunction-sections -fdata-sections -MMD -MP -MF"src/main.d" -MT"src/main.o" -o "src/main.o" "../src/main.c"
'Finished building: ../src/main.c'
' '
'Building target: Vanilla_FPro_Bus.elf'
'Invoking: MicroBlaze gcc linker'
mb-gcc -Wl,-T -Wl,../src/lscript.ld -LC:/Users/klaze/Desktop/Vitis_Projects/Vitis_intro/FPro_Bus_Hardware/export/FPro_Bus_Hardware/sw/FPro_Bus_Hardware/standalone_microblaze_I/bsplib/lib -mlittle-endian -mcpu=v11.0 -mxl-soft-mul -Wl,--no-relax -Wl,--gc-sections -o "Vanilla_FPro_Bus.elf"  ./src/drivers/src_drivers/fpro_init.o ./src/drivers/src_drivers/gpi_core.o ./src/drivers/src_drivers/gpio_core.o ./src/drivers/src_drivers/gpo_core.o ./src/drivers/src_drivers/seg.o ./src/drivers/src_drivers/timer.o ./src/drivers/src_drivers/uart.o  ./src/main.o   -Wl,--start-group,-lxil,-lgcc,-lc,--end-group
'Finished building target: Vanilla_FPro_Bus.elf'
' '
'Invoking: MicroBlaze Print Size'
mb-size Vanilla_FPro_Bus.elf  |tee "Vanilla_FPro_Bus.elf.size"
   text	   data	    bss	    dec	    hex	filename
  10392	    268	   3116	  13776	   35d0	Vanilla_FPro_Bus.elf
'Finished building: Vanilla_FPro_Bus.elf.size'
' '
